octave:61> f = @(x) sin(x);
octave:62> romberg(f, 0, pi, 6)
R =

   0.00000   1.33548   1.33505   1.33497   1.33495   1.33494
   1.00161   1.33548   1.33505   1.33497   1.33495   1.33494
   0.00000   0.00000   0.00000   0.00000   0.00000   0.00000
   0.00000   0.00000   0.00000   0.00000   0.00000   0.00000
   0.00000   0.00000   0.00000   0.00000   0.00000   0.00000
   0.00000   0.00000   0.00000   0.00000   0.00000   0.00000

ans = 0
octave:63> romberg(f, 0, pi, 6)
ans =    1.9237e-16
ans =  2.0944
ans =  1.4810
ans =  1.4401
ans =  1.3682
ans =  1.3607
ans =  1.3595
ans =  1.3419
ans =  1.3402
ans =  1.3399
ans =  1.3398
ans =  1.3355
ans =  1.3350
ans =  1.3350
ans =  1.3349
ans =  1.3349
R =

   0.00000   1.33548   1.33505   1.33497   1.33495   1.33494
   1.00161   1.33548   1.33505   1.33497   1.33495   1.33494
   0.00000   0.00000   0.00000   0.00000   0.00000   0.00000
   0.00000   0.00000   0.00000   0.00000   0.00000   0.00000
   0.00000   0.00000   0.00000   0.00000   0.00000   0.00000
   0.00000   0.00000   0.00000   0.00000   0.00000   0.00000

ans = 0
octave:64> romberg(f, 0, pi, 6)
ans =    1.9237e-16
ans =  2.0944
ans =  1.4810
ans =  1.4401
ans =  1.3682
ans =  1.3607
ans =  1.3595
ans =  1.3419
ans =  1.3402
ans =  1.3399
ans =  1.3398
ans =  1.3355
ans =  1.3350
ans =  1.3350
ans =  1.3349
ans =  1.3349
R =

   0.00000   1.33548   1.33505   1.33497   1.33495   1.33494
   1.00161   1.33548   1.33505   1.33497   1.33495   1.33494
   0.00000   0.00000   0.00000   0.00000   0.00000   0.00000
   0.00000   0.00000   0.00000   0.00000   0.00000   0.00000
   0.00000   0.00000   0.00000   0.00000   0.00000   0.00000
   0.00000   0.00000   0.00000   0.00000   0.00000   0.00000

ans = 0
octave:65> romberg(f, 0, pi, 6)
ans =    1.9237e-16
ans =  2.0944
ans =  1.4810
ans =  1.4401
ans =  1.3682
ans =  1.3607
ans =  1.3595
ans =  1.3419
ans =  1.3402
ans =  1.3399
ans =  1.3398
ans =  1.3355
ans =  1.3350
ans =  1.3350
ans =  1.3349
ans =  1.3349
R =

   1.9237e-16   1.3355e+00   1.3350e+00   1.3350e+00   1.3349e+00   1.3349e+00
   1.0016e+00   1.3355e+00   1.3350e+00   1.3350e+00   1.3349e+00   1.3349e+00

error: romberg: A(I,J): row index out of bounds; value 6 out of bound 2
error: called from
    romberg at line 27 column 7
octave:65> romberg(f, 0, pi, 6)
ans =    1.9237e-16
ans =  2.0944
ans =  1.4810
ans =  1.4401
ans =  1.3682
ans =  1.3607
ans =  1.3595
ans =  1.3419
ans =  1.3402
ans =  1.3399
ans =  1.3398
ans =  1.3355
ans =  1.3350
ans =  1.3350
ans =  1.3349
ans =  1.3349
R =

   1.9237e-16   1.3355e+00   1.3350e+00   1.3350e+00   1.3349e+00   1.3349e+00
   1.0016e+00   1.3355e+00   1.3350e+00   1.3350e+00   1.3349e+00   1.3349e+00

ans =  1.3349
octave:66> romberg(f, 0, pi, 5)
ans =    1.9237e-16
ans =  2.0944
ans =  1.4810
ans =  1.4401
ans =  1.3682
ans =  1.3607
ans =  1.3595
ans =  1.3419
ans =  1.3402
ans =  1.3399
ans =  1.3398
R =

   1.9237e-16   1.3419e+00   1.3402e+00   1.3399e+00   1.3398e+00
   1.0065e+00   1.3419e+00   1.3402e+00   1.3399e+00   1.3398e+00

ans =  1.3398
octave:67> f = @(x) sin(x);
octave:68> romberg(f, 0, pi, 2)
ans =    1.9237e-16
ans =  2.0944
R =

   1.9237e-16   2.0944e+00
   1.5708e+00   2.0944e+00

ans =  2.0944
octave:69> romberg(f, 0, pi, 3)
ans =    1.9237e-16
ans =  2.0944
ans =  1.4810
ans =  1.4401
R =

   1.9237e-16   1.4810e+00   1.4401e+00
   1.1107e+00   1.4810e+00   1.4401e+00

ans =  1.4401
octave:70> 

